name: Ruamel reorder
on: [push]
jobs:
  reorder:
    runs-on: ubuntu-latest
    strategy:
      matrix:
        python-version: ["3.11"]
        mode: [stub, redis]
    steps:
      - name: Install dependencies (with extras)
        continue-on-error: true
        run: |
          python -m pip install -U pip
          pip install -e ".[fastapi,redis,dev]" || true
          pip install fastapi uvicorn httpx pytest pytest-asyncio redis prometheus-client
          pip install aiohttp sqlalchemy python-dateutil
      - name: Select mode env
        timeout-minutes: 5
        run: |
          if [ "${{ matrix.mode }}" = "stub" ]; then
            echo "TEST_REDIS_STUB=1" >> $GITHUB_ENV
          else
            echo "PYTEST_REDIS=1" >> $GITHUB_ENV
          fi
      - name: Run targeted pytest suite (via CI runner)
        if: success()
        env:
          SAMPLE: yes
          PYTEST_DISABLE_PLUGIN_AUTOLOAD: '1'
        run: python tools/ci_pytest_runner.py --mode ${{ matrix.mode }} --flush-redis auto --probe-mw-order auto --p95-samples 5
