name: Sample Workflow
on:
  push:
    branches: [main]
jobs:
  targeted:
    runs-on: ubuntu-latest
    strategy:
      matrix:
        mode: [stub, redis]
        python-version: ["3.11"]
    steps:
      - name: Checkout
        uses: actions/checkout@v4
      - name: Install dependencies (with extras)
        run: |
          export PIP_NO_INPUT=1
          export INSTALL_ADVANCED_DEPS=false
          export INSTALL_ML_DEPS=false
          python -m pip install -U pip
          pip install --no-input -e ".[fastapi,redis,dev]" || true
          pip install fastapi uvicorn httpx pytest pytest-asyncio redis prometheus-client
          pip install aiohttp sqlalchemy python-dateutil
      - name: Select mode env
        run: |
          if [ "${{ matrix.mode }}" = "stub" ]; then
            echo "TEST_REDIS_STUB=1" >> $GITHUB_ENV
          else
            echo "PYTEST_REDIS=1" >> $GITHUB_ENV
          fi
      - name: Execute tests (via CI runner)
        env:
          SAMPLE: yes
          PYTEST_DISABLE_PLUGIN_AUTOLOAD: '1'
        run: |
          python tools/ci_pytest_runner.py --mode ${{ matrix.mode }} --flush-redis auto --probe-mw-order auto --p95-samples 5
  second:
    runs-on: ubuntu-latest
    strategy:
      matrix:
        mode: [stub, redis]
    steps:
      - name: Setup env
        run: echo 'setup'
      - name: Install dependencies (with extras)
        run: |
          export PIP_NO_INPUT=1
          export INSTALL_ADVANCED_DEPS=false
          export INSTALL_ML_DEPS=false
          python -m pip install -U pip
          pip install --no-input -e ".[fastapi,redis,dev]" || true
          pip install fastapi uvicorn httpx pytest pytest-asyncio redis prometheus-client
          pip install aiohttp sqlalchemy python-dateutil
      - name: Select mode env
        run: |
          if [ "${{ matrix.mode }}" = "stub" ]; then
            echo "TEST_REDIS_STUB=1" >> $GITHUB_ENV
          else
            echo "PYTEST_REDIS=1" >> $GITHUB_ENV
          fi
      - name: Run folded pytest (via CI runner)
        env:
          PYTEST_DISABLE_PLUGIN_AUTOLOAD: '1'
        run: |
          python tools/ci_pytest_runner.py --mode ${{ matrix.mode }} --flush-redis auto --probe-mw-order auto --p95-samples 5
