"شناسه تخصیص","کد تخصیص","کد سال","کد ملی دانش‌آموز","شناسه منتور","وضعیت","کد سیاست","زمان ایجاد"
"1","AL-001","۱۴۰۲","۱۲۳۴۵","77","queued","=SUM(A1:A2)","2024-01-02T03:04:05"
"2","AL-002","1402","00123","0","sent","+HACK",""
