"شناسه تخصیص","کد تخصیص","کد سال","کد ملی دانش‌آموز","شناسه منتور","وضعیت","کد سیاست","زمان ایجاد"
"1","کد-۰۰۱","1402","۰۰۱۲۳۴۵۶۷۸","42","CONFIRMED","'=ALERT","2024-01-01T00:00:00"
